{"sessionId":"4935ee","hypothesisId":"A","location":"GoldPileLootInstances.BindAsync:start","message":"Bind start","data":{"bindId":1,"maxVisible":2400,"steadyBudget":1920,"playing":true},"timestamp":1786423026070}
{"sessionId":"4935ee","hypothesisId":"A","location":"GoldPileLootInstances.BindAsync:fallback","message":"EnsureFallbackVisualsAsync","data":{"ms":1.22},"timestamp":1786423026072}
{"sessionId":"4935ee","hypothesisId":"A","location":"GoldPileLootInstances.BindAsync:start","message":"Bind start","data":{"bindId":1,"maxVisible":4800,"steadyBudget":3840,"playing":true},"timestamp":1786423026109}
{"sessionId":"4935ee","hypothesisId":"A","location":"GoldPileLootInstances.BindAsync:fallback","message":"EnsureFallbackVisualsAsync","data":{"ms":0.03},"timestamp":1786423026111}
{"sessionId":"4935ee","hypothesisId":"A","location":"GoldPileLootInstances.BindAsync:start","message":"Bind start","data":{"bindId":1,"maxVisible":9600,"steadyBudget":7680,"playing":true},"timestamp":1786423026192}
{"sessionId":"4935ee","hypothesisId":"A","location":"GoldPileLootInstances.BindAsync:fallback","message":"EnsureFallbackVisualsAsync","data":{"ms":0.03},"timestamp":1786423026194}
{"sessionId":"4935ee","hypothesisId":"A","location":"GoldPileLootInstances.BindAsync:start","message":"Bind start","data":{"bindId":1,"maxVisible":2400,"steadyBudget":1920,"playing":true},"timestamp":1786423026293}
{"sessionId":"4935ee","hypothesisId":"A","location":"GoldPileLootInstances.BindAsync:fallback","message":"EnsureFallbackVisualsAsync","data":{"ms":0.03},"timestamp":1786423026295}
{"sessionId":"4935ee","hypothesisId":"A","location":"GoldPileLootInstances.BindAsync:visuals","message":"ResolveVisualsAsync","data":{"ms":1449.85,"visualCount":3},"timestamp":1786423027523}
{"sessionId":"4935ee","hypothesisId":"E","location":"GoldPileLootInstances.BindAsync:chunkGrid","message":"ChunkGrid+streamer setup","data":{"ms":1.51,"chunks":64},"timestamp":1786423027525}
{"sessionId":"4935ee","hypothesisId":"A","location":"GoldPileLootInstances.BindAsync:visuals","message":"ResolveVisualsAsync","data":{"ms":1423.85,"visualCount":3},"timestamp":1786423027535}
{"sessionId":"4935ee","hypothesisId":"E","location":"GoldPileLootInstances.BindAsync:chunkGrid","message":"ChunkGrid+streamer setup","data":{"ms":1.19,"chunks":256},"timestamp":1786423027537}
{"sessionId":"4935ee","hypothesisId":"A","location":"GoldPileLootInstances.BindAsync:visuals","message":"ResolveVisualsAsync","data":{"ms":1346.21,"visualCount":3},"timestamp":1786423027541}
{"sessionId":"4935ee","hypothesisId":"E","location":"GoldPileLootInstances.BindAsync:chunkGrid","message":"ChunkGrid+streamer setup","data":{"ms":7.66,"chunks":1024},"timestamp":1786423027549}
{"sessionId":"4935ee","hypothesisId":"A","location":"GoldPileLootInstances.BindAsync:visuals","message":"ResolveVisualsAsync","data":{"ms":1257.16,"visualCount":3},"timestamp":1786423027552}
{"sessionId":"4935ee","hypothesisId":"E","location":"GoldPileLootInstances.BindAsync:chunkGrid","message":"ChunkGrid+streamer setup","data":{"ms":0.62,"chunks":64},"timestamp":1786423027554}
{"sessionId":"4935ee","hypothesisId":"B","location":"GoldPileLootInstances.BuildSlots:done","message":"BuildSlots complete","data":{"totalMs":393.97,"placementMs":368.07,"shallowMs":21.25,"volumeMs":1.74,"shallowCalls":1919,"shallowHits":1912,"volumeCalls":488,"volumeHits":488,"commitMs":25.69,"assignMs":3.07,"rebuildMs":21.90,"maxSliceCommitMs":2.56,"maxSliceRebuildMs":2.20,"commits":16,"slices":15,"attempts":2400,"placed":2400,"slots":2400},"timestamp":1786423027921}
{"sessionId":"4935ee","hypothesisId":"D","location":"GoldPileLootInstances.SeedSteady:done","message":"SeedSteady complete","data":{"totalMs":18.88,"topUpMs":16.55,"rebuildMs":2.24,"passes":1,"spawned":128,"drawnStart":933,"drawnEnd":933,"steadyBudget":1920,"stoppedNoProgress":true},"timestamp":1786423027941}
{"sessionId":"4935ee","hypothesisId":"A","location":"GoldPileLootInstances.BindAsync:done","message":"Bind complete","data":{"totalMs":1872.61,"frames":43,"slots":2400,"drawn":933,"steadyBudget":1920,"maxVisible":2400},"timestamp":1786423027942}
{"sessionId":"4935ee","hypothesisId":"B","location":"GoldPileLootInstances.BuildSlots:done","message":"BuildSlots complete","data":{"totalMs":4460.10,"placementMs":4436.30,"shallowMs":20.03,"volumeMs":1.60,"shallowCalls":1919,"shallowHits":1917,"volumeCalls":483,"volumeHits":483,"commitMs":23.80,"assignMs":2.95,"rebuildMs":20.31,"maxSliceCommitMs":2.53,"maxSliceRebuildMs":2.18,"commits":16,"slices":15,"attempts":2400,"placed":2400,"slots":2400},"timestamp":1786423032015}
{"sessionId":"4935ee","hypothesisId":"D","location":"GoldPileLootInstances.SeedSteady:done","message":"SeedSteady complete","data":{"totalMs":106.76,"topUpMs":45.61,"rebuildMs":6.79,"passes":3,"spawned":384,"drawnStart":906,"drawnEnd":908,"steadyBudget":1920,"stoppedNoProgress":true},"timestamp":1786423032123}
{"sessionId":"4935ee","hypothesisId":"A","location":"GoldPileLootInstances.BindAsync:done","message":"Bind complete","data":{"totalMs":5829.30,"frames":45,"slots":2400,"drawn":908,"steadyBudget":1920,"maxVisible":2400},"timestamp":1786423032123}
{"sessionId":"4935ee","hypothesisId":"B","location":"GoldPileLootInstances.BuildSlots:done","message":"BuildSlots complete","data":{"totalMs":8983.56,"placementMs":8889.75,"shallowMs":40.45,"volumeMs":3.77,"shallowCalls":3840,"shallowHits":3823,"volumeCalls":977,"volumeHits":977,"commitMs":93.79,"assignMs":10.00,"rebuildMs":81.80,"maxSliceCommitMs":5.53,"maxSliceRebuildMs":4.84,"commits":31,"slices":30,"attempts":4800,"placed":4800,"slots":4800},"timestamp":1786423036521}
{"sessionId":"4935ee","hypothesisId":"D","location":"GoldPileLootInstances.SeedSteady:done","message":"SeedSteady complete","data":{"totalMs":34.25,"topUpMs":29.44,"rebuildMs":4.77,"passes":1,"spawned":127,"drawnStart":1924,"drawnEnd":1924,"steadyBudget":3840,"stoppedNoProgress":true},"timestamp":1786423036557}
{"sessionId":"4935ee","hypothesisId":"A","location":"GoldPileLootInstances.BindAsync:done","message":"Bind complete","data":{"totalMs":10447.46,"frames":58,"slots":4800,"drawn":1924,"steadyBudget":3840,"maxVisible":4800},"timestamp":1786423036557}
{"sessionId":"4935ee","hypothesisId":"B","location":"GoldPileLootInstances.BuildSlots:done","message":"BuildSlots complete","data":{"totalMs":10891.78,"placementMs":10439.91,"shallowMs":81.16,"volumeMs":5.91,"shallowCalls":7681,"shallowHits":7641,"volumeCalls":1959,"volumeHits":1959,"commitMs":451.83,"assignMs":76.10,"rebuildMs":368.09,"maxSliceCommitMs":17.54,"maxSliceRebuildMs":12.54,"commits":61,"slices":60,"attempts":9600,"placed":9600,"slots":9600},"timestamp":1786423038441}
{"sessionId":"4935ee","hypothesisId":"D","location":"GoldPileLootInstances.SeedSteady:done","message":"SeedSteady complete","data":{"totalMs":68.77,"topUpMs":57.91,"rebuildMs":10.78,"passes":1,"spawned":127,"drawnStart":4324,"drawnEnd":4324,"steadyBudget":7680,"stoppedNoProgress":true},"timestamp":1786423038510}
{"sessionId":"4935ee","hypothesisId":"A","location":"GoldPileLootInstances.BindAsync:done","message":"Bind complete","data":{"totalMs":12318.25,"frames":88,"slots":9600,"drawn":4324,"steadyBudget":7680,"maxVisible":9600},"timestamp":1786423038512}
